// Bun Snapshot v1, https://bun.sh/docs/test/snapshots

exports[`frames status 80x24 1`] = `
" catherd 1.0.0  profile default (active)                                  =x.x=
 1 Status   2 Profiles   3 Runs
────────────────────────────────────────────────────────────────────────────────
 SETUP                                                         checked just now
   ✓ ready         Bun — 1.4.2
   ✓ ready         config — active profile default
   ✓ ready         profile default — valid
   ✓ ready         codex — 0.156.1, logged in, 14 models
   ✓ ready         claude-code — 2.1.282, logged in, 6 models
   ! not logged in opencode — 2.0.16 (a failover stand-in uses it)
                    fix: opencode auth login
   - no key        Jev — optional: routing uses the lane files
   ✗ missing       Claude Code plugin — not installed
                    fix: claude plugin marketplace add 47vigen/catherd &&
                    claude plugin install catherd@catherd
   ✓ ready         Claude agents — 2 linked
   ✓ ready         MCP server — 21 tools
 PROFILE
   default  active · 1 profile
 RECENT RUNS
   ● live  Jobs screen  /home/me/app  2 live · 3 role runs · 1 landed · 52% bud…
   · idle  Auth refactor  /home/me/api  9 role runs · 3 landed  1d ago
────────────────────────────────────────────────────────────────────────────────
 enter open  y copy fix  r re-check  ctrl+p commands  ? help
"
`;

exports[`frames status 80x24 plain 1`] = `
" catherd 1.0.0  profile default (active)                                  =x.x=
 1 Status   2 Profiles   3 Runs
--------------------------------------------------------------------------------
 SETUP                                                         checked just now
   + ready         Bun - 1.4.2
   + ready         config - active profile default
   + ready         profile default - valid
   + ready         codex - 0.156.1, logged in, 14 models
   + ready         claude-code - 2.1.282, logged in, 6 models
   ! not logged in opencode - 2.0.16 (a failover stand-in uses it)
                    fix: opencode auth login
   - no key        Jev - optional: routing uses the lane files
   x missing       Claude Code plugin - not installed
                    fix: claude plugin marketplace add 47vigen/catherd &&
                    claude plugin install catherd@catherd
   + ready         Claude agents - 2 linked
   + ready         MCP server - 21 tools
 PROFILE
   default  active - 1 profile
 RECENT RUNS
   * live  Jobs screen  /home/me/app  2 live - 3 role runs - 1 landed - 52% b...
   - idle  Auth refactor  /home/me/api  9 role runs - 3 landed  1d ago
--------------------------------------------------------------------------------
 enter open  y copy fix  r re-check  ctrl+p commands  ? help
"
`;

exports[`frames status 100x30 1`] = `
" catherd 1.0.0  profile default (active)                                                      =x.x=
 1 Status   2 Profiles   3 Runs
────────────────────────────────────────────────────────────────────────────────────────────────────
 SETUP                                                                             checked just now
   ✓ ready         Bun — 1.4.2
   ✓ ready         config — active profile default
   ✓ ready         profile default — valid
   ✓ ready         codex — 0.156.1, logged in, 14 models
   ✓ ready         claude-code — 2.1.282, logged in, 6 models
   ! not logged in opencode — 2.0.16 (a failover stand-in uses it)
                    fix: opencode auth login
   - no key        Jev — optional: routing uses the lane files
   ✗ missing       Claude Code plugin — not installed
                    fix: claude plugin marketplace add 47vigen/catherd && claude plugin install
                    catherd@catherd
   ✓ ready         Claude agents — 2 linked
   ✓ ready         MCP server — 21 tools
 PROFILE
   default  active · 1 profile
 RECENT RUNS
   ● live  Jobs screen  /home/me/app  2 live · 3 role runs · 1 landed · 52% budget  12m ago
   · idle  Auth refactor  /home/me/api  9 role runs · 3 landed  1d ago






────────────────────────────────────────────────────────────────────────────────────────────────────
 enter open  y copy fix  r re-check  ctrl+p commands  ? help
"
`;

exports[`frames status 100x30 plain 1`] = `
" catherd 1.0.0  profile default (active)                                                      =x.x=
 1 Status   2 Profiles   3 Runs
----------------------------------------------------------------------------------------------------
 SETUP                                                                             checked just now
   + ready         Bun - 1.4.2
   + ready         config - active profile default
   + ready         profile default - valid
   + ready         codex - 0.156.1, logged in, 14 models
   + ready         claude-code - 2.1.282, logged in, 6 models
   ! not logged in opencode - 2.0.16 (a failover stand-in uses it)
                    fix: opencode auth login
   - no key        Jev - optional: routing uses the lane files
   x missing       Claude Code plugin - not installed
                    fix: claude plugin marketplace add 47vigen/catherd && claude plugin install
                    catherd@catherd
   + ready         Claude agents - 2 linked
   + ready         MCP server - 21 tools
 PROFILE
   default  active - 1 profile
 RECENT RUNS
   * live  Jobs screen  /home/me/app  2 live - 3 role runs - 1 landed - 52% budget  12m ago
   - idle  Auth refactor  /home/me/api  9 role runs - 3 landed  1d ago






----------------------------------------------------------------------------------------------------
 enter open  y copy fix  r re-check  ctrl+p commands  ? help
"
`;

exports[`frames status 120x40 1`] = `
" catherd 1.0.0  profile default (active)                                                                          =x.x=
 1 Status   2 Profiles   3 Runs
────────────────────────────────────────────────────────────────────────────────────────────────────────────────────────
 SETUP                                                                                                 checked just now
   ✓ ready         Bun — 1.4.2
   ✓ ready         config — active profile default
   ✓ ready         profile default — valid
   ✓ ready         codex — 0.156.1, logged in, 14 models
   ✓ ready         claude-code — 2.1.282, logged in, 6 models
   ! not logged in opencode — 2.0.16 (a failover stand-in uses it)
                    fix: opencode auth login
   - no key        Jev — optional: routing uses the lane files
   ✗ missing       Claude Code plugin — not installed
                    fix: claude plugin marketplace add 47vigen/catherd && claude plugin install catherd@catherd
   ✓ ready         Claude agents — 2 linked
   ✓ ready         MCP server — 21 tools
 PROFILE
   default  active · 1 profile
 RECENT RUNS
   ● live  Jobs screen  /home/me/app  2 live · 3 role runs · 1 landed · 52% budget  12m ago
   · idle  Auth refactor  /home/me/api  9 role runs · 3 landed  1d ago

















────────────────────────────────────────────────────────────────────────────────────────────────────────────────────────
 enter open  y copy fix  r re-check  ctrl+p commands  ? help
"
`;

exports[`frames status 120x40 plain 1`] = `
" catherd 1.0.0  profile default (active)                                                                          =x.x=
 1 Status   2 Profiles   3 Runs
------------------------------------------------------------------------------------------------------------------------
 SETUP                                                                                                 checked just now
   + ready         Bun - 1.4.2
   + ready         config - active profile default
   + ready         profile default - valid
   + ready         codex - 0.156.1, logged in, 14 models
   + ready         claude-code - 2.1.282, logged in, 6 models
   ! not logged in opencode - 2.0.16 (a failover stand-in uses it)
                    fix: opencode auth login
   - no key        Jev - optional: routing uses the lane files
   x missing       Claude Code plugin - not installed
                    fix: claude plugin marketplace add 47vigen/catherd && claude plugin install catherd@catherd
   + ready         Claude agents - 2 linked
   + ready         MCP server - 21 tools
 PROFILE
   default  active - 1 profile
 RECENT RUNS
   * live  Jobs screen  /home/me/app  2 live - 3 role runs - 1 landed - 52% budget  12m ago
   - idle  Auth refactor  /home/me/api  9 role runs - 3 landed  1d ago

















------------------------------------------------------------------------------------------------------------------------
 enter open  y copy fix  r re-check  ctrl+p commands  ? help
"
`;

exports[`frames profiles 80x24 1`] = `
" catherd 1.0.0  profile default (active)                                  =x.x=
 1 Status   2 Profiles   3 Runs
────────────────────────────────────────────────────────────────────────────────
 PROFILE default (active)   · ctrl+x l switch · ctrl+x n new
 ROLES
   ▸ [x] architect                   claude-opus-5-5#high
   ▸ [x] verifier                    claude-opus-5-5#low
   ▾ [x] worker                      gpt-6-luna#high → gpt-6-sol#medium → gpt-6…
       access                    workspace-write · enforced
       default rung              gpt-6-sol#medium
     claude (native subagent)  claude-plan
       ▸ claude-fable-5-1           0 of 5
       ▸ claude-opus-5-5            0 of 5
       ▸ claude-sonnet-5            0 of 5
       ▸ claude-haiku-4-5-20251001  0 of 1 · unscored
     claude-code (headless)  claude-plan
       ▸ claude-fable-5-1           0 of 5
       ▸ claude-opus-5-5            0 of 5
       ▸ claude-sonnet-5            0 of 5
  ↓ 50 more
space turns the role on or off; enter opens its access, default rung and models

────────────────────────────────────────────────────────────────────────────────
 space toggle  enter change  ctrl+s save  a activate  ctrl+p commands  ? help
"
`;

exports[`frames profiles 80x24 plain 1`] = `
" catherd 1.0.0  profile default (active)                                  =x.x=
 1 Status   2 Profiles   3 Runs
--------------------------------------------------------------------------------
 PROFILE default (active)   - ctrl+x l switch - ctrl+x n new
 ROLES
   > [x] architect                   claude-opus-5-5#high
   > [x] verifier                    claude-opus-5-5#low
   v [x] worker                      gpt-6-luna#high -> gpt-6-sol#medium -> g...
       access                    workspace-write - enforced
       default rung              gpt-6-sol#medium
     claude (native subagent)  claude-plan
       > claude-fable-5-1           0 of 5
       > claude-opus-5-5            0 of 5
       > claude-sonnet-5            0 of 5
       > claude-haiku-4-5-20251001  0 of 1 - unscored
     claude-code (headless)  claude-plan
       > claude-fable-5-1           0 of 5
       > claude-opus-5-5            0 of 5
       > claude-sonnet-5            0 of 5
  v 50 more
space turns the role on or off; enter opens its access, default rung and models

--------------------------------------------------------------------------------
 space toggle  enter change  ctrl+s save  a activate  ctrl+p commands  ? help
"
`;

exports[`frames profiles 100x30 1`] = `
" catherd 1.0.0  profile default (active)                                                      =x.x=
 1 Status   2 Profiles   3 Runs
────────────────────────────────────────────────────────────────────────────────────────────────────
 PROFILE default (active)   · ctrl+x l switch · ctrl+x n new
 ROLES
   ▸ [x] architect                   claude-opus-5-5#high
   ▸ [x] verifier                    claude-opus-5-5#low
   ▾ [x] worker                      gpt-6-luna#high → gpt-6-sol#medium → gpt-6-sol#high → gpt-6-so…
       access                    workspace-write · enforced
       default rung              gpt-6-sol#medium
     claude (native subagent)  claude-plan
       ▸ claude-fable-5-1           0 of 5
       ▸ claude-opus-5-5            0 of 5
       ▸ claude-sonnet-5            0 of 5
       ▸ claude-haiku-4-5-20251001  0 of 1 · unscored
     claude-code (headless)  claude-plan
       ▸ claude-fable-5-1           0 of 5
       ▸ claude-opus-5-5            0 of 5
       ▸ claude-sonnet-5            0 of 5
       ▸ claude-haiku-4-5-20251001  0 of 1 · unscored
     codex  chatgpt-plan
       ▸ gpt-5.6-luna            0 of 5
       ▸ gpt-5.6-sol             0 of 6
       ▸ gpt-6-astra             0 of 6
       ▸ gpt-6-luna              1 of 5
  ↓ 44 more
space turns the role on or off; enter opens its access, default rung and models

────────────────────────────────────────────────────────────────────────────────────────────────────
 space toggle  enter change  ctrl+s save  a activate  ctrl+x u undo  ctrl+p commands  ? help
"
`;

exports[`frames profiles 100x30 plain 1`] = `
" catherd 1.0.0  profile default (active)                                                      =x.x=
 1 Status   2 Profiles   3 Runs
----------------------------------------------------------------------------------------------------
 PROFILE default (active)   - ctrl+x l switch - ctrl+x n new
 ROLES
   > [x] architect                   claude-opus-5-5#high
   > [x] verifier                    claude-opus-5-5#low
   v [x] worker                      gpt-6-luna#high -> gpt-6-sol#medium -> gpt-6-sol#high -> gpt...
       access                    workspace-write - enforced
       default rung              gpt-6-sol#medium
     claude (native subagent)  claude-plan
       > claude-fable-5-1           0 of 5
       > claude-opus-5-5            0 of 5
       > claude-sonnet-5            0 of 5
       > claude-haiku-4-5-20251001  0 of 1 - unscored
     claude-code (headless)  claude-plan
       > claude-fable-5-1           0 of 5
       > claude-opus-5-5            0 of 5
       > claude-sonnet-5            0 of 5
       > claude-haiku-4-5-20251001  0 of 1 - unscored
     codex  chatgpt-plan
       > gpt-5.6-luna            0 of 5
       > gpt-5.6-sol             0 of 6
       > gpt-6-astra             0 of 6
       > gpt-6-luna              1 of 5
  v 44 more
space turns the role on or off; enter opens its access, default rung and models

----------------------------------------------------------------------------------------------------
 space toggle  enter change  ctrl+s save  a activate  ctrl+x u undo  ctrl+p commands  ? help
"
`;

exports[`frames profiles 120x40 1`] = `
" catherd 1.0.0  profile default (active)                                                                          =x.x=
 1 Status   2 Profiles   3 Runs
────────────────────────────────────────────────────────────────────────────────────────────────────────────────────────
 PROFILE default (active)   · ctrl+x l switch · ctrl+x n new
 ROLES
   ▸ [x] architect                   claude-opus-5-5#high
   ▸ [x] verifier                    claude-opus-5-5#low
   ▾ [x] worker                      gpt-6-luna#high → gpt-6-sol#medium → gpt-6-sol#high → gpt-6-sol#xhigh
       access                    workspace-write · enforced
       default rung              gpt-6-sol#medium
     claude (native subagent)  claude-plan
       ▸ claude-fable-5-1           0 of 5
       ▸ claude-opus-5-5            0 of 5
       ▸ claude-sonnet-5            0 of 5
       ▸ claude-haiku-4-5-20251001  0 of 1 · unscored
     claude-code (headless)  claude-plan
       ▸ claude-fable-5-1           0 of 5
       ▸ claude-opus-5-5            0 of 5
       ▸ claude-sonnet-5            0 of 5
       ▸ claude-haiku-4-5-20251001  0 of 1 · unscored
     codex  chatgpt-plan
       ▸ gpt-5.6-luna            0 of 5
       ▸ gpt-5.6-sol             0 of 6
       ▸ gpt-6-astra             0 of 6
       ▸ gpt-6-luna              1 of 5
       ▸ gpt-6-sol               3 of 6
       ▸ gpt-5.6-terra           0 of 6 · unscored
     opencode-go  subscription
       ▸ opencode-go/gpt-5.6-luna  0 of 6
       ▸ opencode-go/gpt-6-luna    0 of 6
     opencode  metered
       ▸ opencode/claude-fable-5-1  0 of 5
       ▸ opencode/claude-opus-5-5   0 of 5
       ▸ opencode/claude-sonnet-5   0 of 5
       ▸ opencode/gpt-5.6-luna      0 of 6
  ↓ 34 more
space turns the role on or off; enter opens its access, default rung and models

────────────────────────────────────────────────────────────────────────────────────────────────────────────────────────
 space toggle  enter change  ctrl+s save  a activate  ctrl+x u undo  / filter  ctrl+p commands  ? help
"
`;

exports[`frames profiles 120x40 plain 1`] = `
" catherd 1.0.0  profile default (active)                                                                          =x.x=
 1 Status   2 Profiles   3 Runs
------------------------------------------------------------------------------------------------------------------------
 PROFILE default (active)   - ctrl+x l switch - ctrl+x n new
 ROLES
   > [x] architect                   claude-opus-5-5#high
   > [x] verifier                    claude-opus-5-5#low
   v [x] worker                      gpt-6-luna#high -> gpt-6-sol#medium -> gpt-6-sol#high -> gpt-6-sol#xhigh
       access                    workspace-write - enforced
       default rung              gpt-6-sol#medium
     claude (native subagent)  claude-plan
       > claude-fable-5-1           0 of 5
       > claude-opus-5-5            0 of 5
       > claude-sonnet-5            0 of 5
       > claude-haiku-4-5-20251001  0 of 1 - unscored
     claude-code (headless)  claude-plan
       > claude-fable-5-1           0 of 5
       > claude-opus-5-5            0 of 5
       > claude-sonnet-5            0 of 5
       > claude-haiku-4-5-20251001  0 of 1 - unscored
     codex  chatgpt-plan
       > gpt-5.6-luna            0 of 5
       > gpt-5.6-sol             0 of 6
       > gpt-6-astra             0 of 6
       > gpt-6-luna              1 of 5
       > gpt-6-sol               3 of 6
       > gpt-5.6-terra           0 of 6 - unscored
     opencode-go  subscription
       > opencode-go/gpt-5.6-luna  0 of 6
       > opencode-go/gpt-6-luna    0 of 6
     opencode  metered
       > opencode/claude-fable-5-1  0 of 5
       > opencode/claude-opus-5-5   0 of 5
       > opencode/claude-sonnet-5   0 of 5
       > opencode/gpt-5.6-luna      0 of 6
  v 34 more
space turns the role on or off; enter opens its access, default rung and models

------------------------------------------------------------------------------------------------------------------------
 space toggle  enter change  ctrl+s save  a activate  ctrl+x u undo  / filter  ctrl+p commands  ? help
"
`;

exports[`frames profiles-dirty 80x24 1`] = `
" catherd 1.0.0  profile default (active) · 2 unsaved                      =x.x=
 1 Status   2 Profiles   3 Runs
────────────────────────────────────────────────────────────────────────────────
 PROFILE default (active) · 2 unsaved   · ctrl+x l switch · ctrl+x n new
 ROLES
   ▸ [x] architect                   claude-opus-5-5#high
   ▸ [x] verifier                    claude-opus-5-5#low
   ▾ [x] worker                      gpt-6-luna#high → gpt-6-sol#medium → gpt-6…
       access                    workspace-write · enforced
       default rung              gpt-6-sol#medium
     claude (native subagent)  claude-plan
       ▸ claude-fable-5-1           0 of 5
       ▸ claude-opus-5-5            0 of 5
       ▸ claude-sonnet-5            0 of 5
       ▸ claude-haiku-4-5-20251001  0 of 1 · unscored
     claude-code (headless)  claude-plan
       ▸ claude-fable-5-1           0 of 5
       ▸ claude-opus-5-5            0 of 5
       ▸ claude-sonnet-5            0 of 5
  ↓ 50 more
space turns the role on or off; enter opens its access, default rung and models

────────────────────────────────────────────────────────────────────────────────
 space toggle  enter change  ctrl+s save  a activate  ctrl+p commands  ? help
"
`;

exports[`frames profiles-dirty 80x24 plain 1`] = `
" catherd 1.0.0  profile default (active) - 2 unsaved                      =x.x=
 1 Status   2 Profiles   3 Runs
--------------------------------------------------------------------------------
 PROFILE default (active) - 2 unsaved   - ctrl+x l switch - ctrl+x n new
 ROLES
   > [x] architect                   claude-opus-5-5#high
   > [x] verifier                    claude-opus-5-5#low
   v [x] worker                      gpt-6-luna#high -> gpt-6-sol#medium -> g...
       access                    workspace-write - enforced
       default rung              gpt-6-sol#medium
     claude (native subagent)  claude-plan
       > claude-fable-5-1           0 of 5
       > claude-opus-5-5            0 of 5
       > claude-sonnet-5            0 of 5
       > claude-haiku-4-5-20251001  0 of 1 - unscored
     claude-code (headless)  claude-plan
       > claude-fable-5-1           0 of 5
       > claude-opus-5-5            0 of 5
       > claude-sonnet-5            0 of 5
  v 50 more
space turns the role on or off; enter opens its access, default rung and models

--------------------------------------------------------------------------------
 space toggle  enter change  ctrl+s save  a activate  ctrl+p commands  ? help
"
`;

exports[`frames profiles-dirty 100x30 1`] = `
" catherd 1.0.0  profile default (active) · 2 unsaved                                          =x.x=
 1 Status   2 Profiles   3 Runs
────────────────────────────────────────────────────────────────────────────────────────────────────
 PROFILE default (active) · 2 unsaved   · ctrl+x l switch · ctrl+x n new
 ROLES
   ▸ [x] architect                   claude-opus-5-5#high
   ▸ [x] verifier                    claude-opus-5-5#low
   ▾ [x] worker                      gpt-6-luna#high → gpt-6-sol#medium → gpt-6-sol#high → gpt-6-so…
       access                    workspace-write · enforced
       default rung              gpt-6-sol#medium
     claude (native subagent)  claude-plan
       ▸ claude-fable-5-1           0 of 5
       ▸ claude-opus-5-5            0 of 5
       ▸ claude-sonnet-5            0 of 5
       ▸ claude-haiku-4-5-20251001  0 of 1 · unscored
     claude-code (headless)  claude-plan
       ▸ claude-fable-5-1           0 of 5
       ▸ claude-opus-5-5            0 of 5
       ▸ claude-sonnet-5            0 of 5
       ▸ claude-haiku-4-5-20251001  0 of 1 · unscored
     codex  chatgpt-plan
       ▸ gpt-5.6-luna            0 of 5
       ▸ gpt-5.6-sol             0 of 6
       ▸ gpt-6-astra             0 of 6
       ▸ gpt-6-luna              1 of 5
  ↓ 44 more
space turns the role on or off; enter opens its access, default rung and models

────────────────────────────────────────────────────────────────────────────────────────────────────
 space toggle  enter change  ctrl+s save  a activate  ctrl+x u undo  ctrl+p commands  ? help
"
`;

exports[`frames profiles-dirty 100x30 plain 1`] = `
" catherd 1.0.0  profile default (active) - 2 unsaved                                          =x.x=
 1 Status   2 Profiles   3 Runs
----------------------------------------------------------------------------------------------------
 PROFILE default (active) - 2 unsaved   - ctrl+x l switch - ctrl+x n new
 ROLES
   > [x] architect                   claude-opus-5-5#high
   > [x] verifier                    claude-opus-5-5#low
   v [x] worker                      gpt-6-luna#high -> gpt-6-sol#medium -> gpt-6-sol#high -> gpt...
       access                    workspace-write - enforced
       default rung              gpt-6-sol#medium
     claude (native subagent)  claude-plan
       > claude-fable-5-1           0 of 5
       > claude-opus-5-5            0 of 5
       > claude-sonnet-5            0 of 5
       > claude-haiku-4-5-20251001  0 of 1 - unscored
     claude-code (headless)  claude-plan
       > claude-fable-5-1           0 of 5
       > claude-opus-5-5            0 of 5
       > claude-sonnet-5            0 of 5
       > claude-haiku-4-5-20251001  0 of 1 - unscored
     codex  chatgpt-plan
       > gpt-5.6-luna            0 of 5
       > gpt-5.6-sol             0 of 6
       > gpt-6-astra             0 of 6
       > gpt-6-luna              1 of 5
  v 44 more
space turns the role on or off; enter opens its access, default rung and models

----------------------------------------------------------------------------------------------------
 space toggle  enter change  ctrl+s save  a activate  ctrl+x u undo  ctrl+p commands  ? help
"
`;

exports[`frames profiles-dirty 120x40 1`] = `
" catherd 1.0.0  profile default (active) · 2 unsaved                                                              =x.x=
 1 Status   2 Profiles   3 Runs
────────────────────────────────────────────────────────────────────────────────────────────────────────────────────────
 PROFILE default (active) · 2 unsaved   · ctrl+x l switch · ctrl+x n new
 ROLES
   ▸ [x] architect                   claude-opus-5-5#high
   ▸ [x] verifier                    claude-opus-5-5#low
   ▾ [x] worker                      gpt-6-luna#high → gpt-6-sol#medium → gpt-6-sol#high → gpt-6-sol#xhigh
       access                    workspace-write · enforced
       default rung              gpt-6-sol#medium
     claude (native subagent)  claude-plan
       ▸ claude-fable-5-1           0 of 5
       ▸ claude-opus-5-5            0 of 5
       ▸ claude-sonnet-5            0 of 5
       ▸ claude-haiku-4-5-20251001  0 of 1 · unscored
     claude-code (headless)  claude-plan
       ▸ claude-fable-5-1           0 of 5
       ▸ claude-opus-5-5            0 of 5
       ▸ claude-sonnet-5            0 of 5
       ▸ claude-haiku-4-5-20251001  0 of 1 · unscored
     codex  chatgpt-plan
       ▸ gpt-5.6-luna            0 of 5
       ▸ gpt-5.6-sol             0 of 6
       ▸ gpt-6-astra             0 of 6
       ▸ gpt-6-luna              1 of 5
       ▸ gpt-6-sol               3 of 6
       ▸ gpt-5.6-terra           0 of 6 · unscored
     opencode-go  subscription
       ▸ opencode-go/gpt-5.6-luna  0 of 6
       ▸ opencode-go/gpt-6-luna    0 of 6
     opencode  metered
       ▸ opencode/claude-fable-5-1  0 of 5
       ▸ opencode/claude-opus-5-5   0 of 5
       ▸ opencode/claude-sonnet-5   0 of 5
       ▸ opencode/gpt-5.6-luna      0 of 6
  ↓ 34 more
space turns the role on or off; enter opens its access, default rung and models

────────────────────────────────────────────────────────────────────────────────────────────────────────────────────────
 space toggle  enter change  ctrl+s save  a activate  ctrl+x u undo  / filter  ctrl+p commands  ? help
"
`;

exports[`frames profiles-dirty 120x40 plain 1`] = `
" catherd 1.0.0  profile default (active) - 2 unsaved                                                              =x.x=
 1 Status   2 Profiles   3 Runs
------------------------------------------------------------------------------------------------------------------------
 PROFILE default (active) - 2 unsaved   - ctrl+x l switch - ctrl+x n new
 ROLES
   > [x] architect                   claude-opus-5-5#high
   > [x] verifier                    claude-opus-5-5#low
   v [x] worker                      gpt-6-luna#high -> gpt-6-sol#medium -> gpt-6-sol#high -> gpt-6-sol#xhigh
       access                    workspace-write - enforced
       default rung              gpt-6-sol#medium
     claude (native subagent)  claude-plan
       > claude-fable-5-1           0 of 5
       > claude-opus-5-5            0 of 5
       > claude-sonnet-5            0 of 5
       > claude-haiku-4-5-20251001  0 of 1 - unscored
     claude-code (headless)  claude-plan
       > claude-fable-5-1           0 of 5
       > claude-opus-5-5            0 of 5
       > claude-sonnet-5            0 of 5
       > claude-haiku-4-5-20251001  0 of 1 - unscored
     codex  chatgpt-plan
       > gpt-5.6-luna            0 of 5
       > gpt-5.6-sol             0 of 6
       > gpt-6-astra             0 of 6
       > gpt-6-luna              1 of 5
       > gpt-6-sol               3 of 6
       > gpt-5.6-terra           0 of 6 - unscored
     opencode-go  subscription
       > opencode-go/gpt-5.6-luna  0 of 6
       > opencode-go/gpt-6-luna    0 of 6
     opencode  metered
       > opencode/claude-fable-5-1  0 of 5
       > opencode/claude-opus-5-5   0 of 5
       > opencode/claude-sonnet-5   0 of 5
       > opencode/gpt-5.6-luna      0 of 6
  v 34 more
space turns the role on or off; enter opens its access, default rung and models

------------------------------------------------------------------------------------------------------------------------
 space toggle  enter change  ctrl+s save  a activate  ctrl+x u undo  / filter  ctrl+p commands  ? help
"
`;

exports[`frames save 80x24 1`] = `
" catherd 1.0.0  profile default (active) · 2 unsaved                      =x.x=
 1 Status   2 Profiles   3 Runs
────────────────────────────────────────────────────────────────────────────────




   Save profile default                                                   esc

   budget.usd  none → 5
   roles.verifier.access  full → read-only

   ! roles.verifier.access: verifier runs read-only; catherd's default for it
   is full

   Applies to: native Claude agents in new Claude Code sessions; codex,
   claude-code and opencode from the next dispatch.

   [ Save ]  [ Save & make active ]  [ Cancel ]



────────────────────────────────────────────────────────────────────────────────
 ←→ button  enter choose  esc cancel
"
`;

exports[`frames save 80x24 plain 1`] = `
" catherd 1.0.0  profile default (active) - 2 unsaved                      =x.x=
 1 Status   2 Profiles   3 Runs
--------------------------------------------------------------------------------




   Save profile default                                                   esc

   budget.usd  none -> 5
   roles.verifier.access  full -> read-only

   ! roles.verifier.access: verifier runs read-only; catherd's default for it
   is full

   Applies to: native Claude agents in new Claude Code sessions; codex,
   claude-code and opencode from the next dispatch.

   [ Save ]  [ Save & make active ]  [ Cancel ]



--------------------------------------------------------------------------------
 left/right button  enter choose  esc cancel
"
`;

exports[`frames save 100x30 1`] = `
" catherd 1.0.0  profile default (active) · 2 unsaved                                          =x.x=
 1 Status   2 Profiles   3 Runs
────────────────────────────────────────────────────────────────────────────────────────────────────





        Save profile default                                                             esc

        budget.usd  none → 5
        roles.verifier.access  full → read-only

        ! roles.verifier.access: verifier runs read-only; catherd's default for it is full

        Applies to: native Claude agents in new Claude Code sessions; codex, claude-code and
        opencode from the next dispatch.

        [ Save ]  [ Save & make active ]  [ Cancel ]









────────────────────────────────────────────────────────────────────────────────────────────────────
 ←→ button  enter choose  esc cancel
"
`;

exports[`frames save 100x30 plain 1`] = `
" catherd 1.0.0  profile default (active) - 2 unsaved                                          =x.x=
 1 Status   2 Profiles   3 Runs
----------------------------------------------------------------------------------------------------





        Save profile default                                                             esc

        budget.usd  none -> 5
        roles.verifier.access  full -> read-only

        ! roles.verifier.access: verifier runs read-only; catherd's default for it is full

        Applies to: native Claude agents in new Claude Code sessions; codex, claude-code and
        opencode from the next dispatch.

        [ Save ]  [ Save & make active ]  [ Cancel ]









----------------------------------------------------------------------------------------------------
 left/right button  enter choose  esc cancel
"
`;

exports[`frames save 120x40 1`] = `
" catherd 1.0.0  profile default (active) · 2 unsaved                                                              =x.x=
 1 Status   2 Profiles   3 Runs
────────────────────────────────────────────────────────────────────────────────────────────────────────────────────────








                  Save profile default                                                             esc

                  budget.usd  none → 5
                  roles.verifier.access  full → read-only

                  ! roles.verifier.access: verifier runs read-only; catherd's default for it is full

                  Applies to: native Claude agents in new Claude Code sessions; codex, claude-code and
                  opencode from the next dispatch.

                  [ Save ]  [ Save & make active ]  [ Cancel ]
















────────────────────────────────────────────────────────────────────────────────────────────────────────────────────────
 ←→ button  enter choose  esc cancel
"
`;

exports[`frames save 120x40 plain 1`] = `
" catherd 1.0.0  profile default (active) - 2 unsaved                                                              =x.x=
 1 Status   2 Profiles   3 Runs
------------------------------------------------------------------------------------------------------------------------








                  Save profile default                                                             esc

                  budget.usd  none -> 5
                  roles.verifier.access  full -> read-only

                  ! roles.verifier.access: verifier runs read-only; catherd's default for it is full

                  Applies to: native Claude agents in new Claude Code sessions; codex, claude-code and
                  opencode from the next dispatch.

                  [ Save ]  [ Save & make active ]  [ Cancel ]
















------------------------------------------------------------------------------------------------------------------------
 left/right button  enter choose  esc cancel
"
`;

exports[`frames quit 80x24 1`] = `
" catherd 1.0.0  profile default (active) · 2 unsaved                      =x.x=
 1 Status   2 Profiles   3 Runs
────────────────────────────────────────────────────────────────────────────────




            Quit with unsaved changes?                           esc

            2 unsaved changes will be lost.

            [ Keep editing ]  [ Discard and quit ]










────────────────────────────────────────────────────────────────────────────────
 ←→ button  enter choose  esc cancel
"
`;

exports[`frames quit 80x24 plain 1`] = `
" catherd 1.0.0  profile default (active) - 2 unsaved                      =x.x=
 1 Status   2 Profiles   3 Runs
--------------------------------------------------------------------------------




            Quit with unsaved changes?                           esc

            2 unsaved changes will be lost.

            [ Keep editing ]  [ Discard and quit ]










--------------------------------------------------------------------------------
 left/right button  enter choose  esc cancel
"
`;

exports[`frames quit 100x30 1`] = `
" catherd 1.0.0  profile default (active) · 2 unsaved                                          =x.x=
 1 Status   2 Profiles   3 Runs
────────────────────────────────────────────────────────────────────────────────────────────────────





                      Quit with unsaved changes?                           esc

                      2 unsaved changes will be lost.

                      [ Keep editing ]  [ Discard and quit ]















────────────────────────────────────────────────────────────────────────────────────────────────────
 ←→ button  enter choose  esc cancel
"
`;

exports[`frames quit 100x30 plain 1`] = `
" catherd 1.0.0  profile default (active) - 2 unsaved                                          =x.x=
 1 Status   2 Profiles   3 Runs
----------------------------------------------------------------------------------------------------





                      Quit with unsaved changes?                           esc

                      2 unsaved changes will be lost.

                      [ Keep editing ]  [ Discard and quit ]















----------------------------------------------------------------------------------------------------
 left/right button  enter choose  esc cancel
"
`;

exports[`frames quit 120x40 1`] = `
" catherd 1.0.0  profile default (active) · 2 unsaved                                                              =x.x=
 1 Status   2 Profiles   3 Runs
────────────────────────────────────────────────────────────────────────────────────────────────────────────────────────








                                Quit with unsaved changes?                           esc

                                2 unsaved changes will be lost.

                                [ Keep editing ]  [ Discard and quit ]






















────────────────────────────────────────────────────────────────────────────────────────────────────────────────────────
 ←→ button  enter choose  esc cancel
"
`;

exports[`frames quit 120x40 plain 1`] = `
" catherd 1.0.0  profile default (active) - 2 unsaved                                                              =x.x=
 1 Status   2 Profiles   3 Runs
------------------------------------------------------------------------------------------------------------------------








                                Quit with unsaved changes?                           esc

                                2 unsaved changes will be lost.

                                [ Keep editing ]  [ Discard and quit ]






















------------------------------------------------------------------------------------------------------------------------
 left/right button  enter choose  esc cancel
"
`;

exports[`frames new-profile 80x24 1`] = `
" catherd 1.0.0  profile default (active)                                  =x.x=
 1 Status   2 Profiles   3 Runs
────────────────────────────────────────────────────────────────────────────────




            New profile                                          esc

            name: lowercase letters, digits and -, up to 32
            >

            enter to save, esc to cancel









────────────────────────────────────────────────────────────────────────────────
 enter choose  esc cancel
"
`;

exports[`frames new-profile 80x24 plain 1`] = `
" catherd 1.0.0  profile default (active)                                  =x.x=
 1 Status   2 Profiles   3 Runs
--------------------------------------------------------------------------------




            New profile                                          esc

            name: lowercase letters, digits and -, up to 32
            >

            enter to save, esc to cancel









--------------------------------------------------------------------------------
 enter choose  esc cancel
"
`;

exports[`frames new-profile 100x30 1`] = `
" catherd 1.0.0  profile default (active)                                                      =x.x=
 1 Status   2 Profiles   3 Runs
────────────────────────────────────────────────────────────────────────────────────────────────────





                      New profile                                          esc

                      name: lowercase letters, digits and -, up to 32
                      >

                      enter to save, esc to cancel














────────────────────────────────────────────────────────────────────────────────────────────────────
 enter choose  esc cancel
"
`;

exports[`frames new-profile 100x30 plain 1`] = `
" catherd 1.0.0  profile default (active)                                                      =x.x=
 1 Status   2 Profiles   3 Runs
----------------------------------------------------------------------------------------------------





                      New profile                                          esc

                      name: lowercase letters, digits and -, up to 32
                      >

                      enter to save, esc to cancel














----------------------------------------------------------------------------------------------------
 enter choose  esc cancel
"
`;

exports[`frames new-profile 120x40 1`] = `
" catherd 1.0.0  profile default (active)                                                                          =x.x=
 1 Status   2 Profiles   3 Runs
────────────────────────────────────────────────────────────────────────────────────────────────────────────────────────








                                New profile                                          esc

                                name: lowercase letters, digits and -, up to 32
                                >

                                enter to save, esc to cancel





















────────────────────────────────────────────────────────────────────────────────────────────────────────────────────────
 enter choose  esc cancel
"
`;

exports[`frames new-profile 120x40 plain 1`] = `
" catherd 1.0.0  profile default (active)                                                                          =x.x=
 1 Status   2 Profiles   3 Runs
------------------------------------------------------------------------------------------------------------------------








                                New profile                                          esc

                                name: lowercase letters, digits and -, up to 32
                                >

                                enter to save, esc to cancel





















------------------------------------------------------------------------------------------------------------------------
 enter choose  esc cancel
"
`;

exports[`frames profile-list 80x24 1`] = `
" catherd 1.0.0  profile default (active)                                  =x.x=
 1 Status   2 Profiles   3 Runs
────────────────────────────────────────────────────────────────────────────────




            Profiles                                             esc

            > type to filter

            ● default  active










────────────────────────────────────────────────────────────────────────────────
 ↑↓ move  enter choose  ctrl+d delete  esc cancel
"
`;

exports[`frames profile-list 80x24 plain 1`] = `
" catherd 1.0.0  profile default (active)                                  =x.x=
 1 Status   2 Profiles   3 Runs
--------------------------------------------------------------------------------




            Profiles                                             esc

            > type to filter

            * default  active










--------------------------------------------------------------------------------
 up/down move  enter choose  ctrl+d delete  esc cancel
"
`;

exports[`frames profile-list 100x30 1`] = `
" catherd 1.0.0  profile default (active)                                                      =x.x=
 1 Status   2 Profiles   3 Runs
────────────────────────────────────────────────────────────────────────────────────────────────────





                      Profiles                                             esc

                      > type to filter

                      ● default  active















────────────────────────────────────────────────────────────────────────────────────────────────────
 ↑↓ move  enter choose  ctrl+d delete  esc cancel
"
`;

exports[`frames profile-list 100x30 plain 1`] = `
" catherd 1.0.0  profile default (active)                                                      =x.x=
 1 Status   2 Profiles   3 Runs
----------------------------------------------------------------------------------------------------





                      Profiles                                             esc

                      > type to filter

                      * default  active















----------------------------------------------------------------------------------------------------
 up/down move  enter choose  ctrl+d delete  esc cancel
"
`;

exports[`frames profile-list 120x40 1`] = `
" catherd 1.0.0  profile default (active)                                                                          =x.x=
 1 Status   2 Profiles   3 Runs
────────────────────────────────────────────────────────────────────────────────────────────────────────────────────────








                                Profiles                                             esc

                                > type to filter

                                ● default  active






















────────────────────────────────────────────────────────────────────────────────────────────────────────────────────────
 ↑↓ move  enter choose  ctrl+d delete  esc cancel
"
`;

exports[`frames profile-list 120x40 plain 1`] = `
" catherd 1.0.0  profile default (active)                                                                          =x.x=
 1 Status   2 Profiles   3 Runs
------------------------------------------------------------------------------------------------------------------------








                                Profiles                                             esc

                                > type to filter

                                * default  active






















------------------------------------------------------------------------------------------------------------------------
 up/down move  enter choose  ctrl+d delete  esc cancel
"
`;

exports[`frames palette 80x24 1`] = `
" catherd 1.0.0  profile default (active)                                  =x.x=
 1 Status   2 Profiles   3 Runs
────────────────────────────────────────────────────────────────────────────────




   Commands                                                               esc

   > type to filter

   Suggested
     New profile…          ctrl+x n    catherd profile new <name>
     Switch profile…       ctrl+x l    catherd profile list
     Re-check setup        r           catherd doctor
   App
     Keyboard shortcuts    ?
     Quit                  q/ctrl+x q
   Tabs
     Go to Status          1/ctrl+x 1
   ↓ 8 more

────────────────────────────────────────────────────────────────────────────────
 ↑↓ move  enter choose  esc cancel
"
`;

exports[`frames palette 80x24 plain 1`] = `
" catherd 1.0.0  profile default (active)                                  =x.x=
 1 Status   2 Profiles   3 Runs
--------------------------------------------------------------------------------




   Commands                                                               esc

   > type to filter

   Suggested
     New profile...          ctrl+x n    catherd profile new <name>
     Switch profile...       ctrl+x l    catherd profile list
     Re-check setup        r           catherd doctor
   App
     Keyboard shortcuts    ?
     Quit                  q/ctrl+x q
   Tabs
     Go to Status          1/ctrl+x 1
   v 8 more

--------------------------------------------------------------------------------
 up/down move  enter choose  esc cancel
"
`;

exports[`frames palette 100x30 1`] = `
" catherd 1.0.0  profile default (active)                                                      =x.x=
 1 Status   2 Profiles   3 Runs
────────────────────────────────────────────────────────────────────────────────────────────────────





        Commands                                                                         esc

        > type to filter

        Suggested
          New profile…          ctrl+x n    catherd profile new <name>
          Switch profile…       ctrl+x l    catherd profile list
          Re-check setup        r           catherd doctor
        App
          Keyboard shortcuts    ?
          Quit                  q/ctrl+x q
        Tabs
          Go to Status          1/ctrl+x 1
          Go to Profiles        2/ctrl+x 2
          Go to Runs            3/ctrl+x 3
        Profiles
          New profile…          ctrl+x n    catherd profile new <name>
          Switch profile…       ctrl+x l    catherd profile list
        ↓ 3 more

────────────────────────────────────────────────────────────────────────────────────────────────────
 ↑↓ move  enter choose  esc cancel
"
`;

exports[`frames palette 100x30 plain 1`] = `
" catherd 1.0.0  profile default (active)                                                      =x.x=
 1 Status   2 Profiles   3 Runs
----------------------------------------------------------------------------------------------------





        Commands                                                                         esc

        > type to filter

        Suggested
          New profile...          ctrl+x n    catherd profile new <name>
          Switch profile...       ctrl+x l    catherd profile list
          Re-check setup        r           catherd doctor
        App
          Keyboard shortcuts    ?
          Quit                  q/ctrl+x q
        Tabs
          Go to Status          1/ctrl+x 1
          Go to Profiles        2/ctrl+x 2
          Go to Runs            3/ctrl+x 3
        Profiles
          New profile...          ctrl+x n    catherd profile new <name>
          Switch profile...       ctrl+x l    catherd profile list
        v 3 more

----------------------------------------------------------------------------------------------------
 up/down move  enter choose  esc cancel
"
`;

exports[`frames palette 120x40 1`] = `
" catherd 1.0.0  profile default (active)                                                                          =x.x=
 1 Status   2 Profiles   3 Runs
────────────────────────────────────────────────────────────────────────────────────────────────────────────────────────








                  Commands                                                                         esc

                  > type to filter

                  Suggested
                    New profile…          ctrl+x n    catherd profile new <name>
                    Switch profile…       ctrl+x l    catherd profile list
                    Re-check setup        r           catherd doctor
                  App
                    Keyboard shortcuts    ?
                    Quit                  q/ctrl+x q
                  Tabs
                    Go to Status          1/ctrl+x 1
                    Go to Profiles        2/ctrl+x 2
                    Go to Runs            3/ctrl+x 3
                  Profiles
                    New profile…          ctrl+x n    catherd profile new <name>
                    Switch profile…       ctrl+x l    catherd profile list
                  Status
                    Re-check setup        r           catherd doctor
                    Copy the fix command  y






────────────────────────────────────────────────────────────────────────────────────────────────────────────────────────
 ↑↓ move  enter choose  esc cancel
"
`;

exports[`frames palette 120x40 plain 1`] = `
" catherd 1.0.0  profile default (active)                                                                          =x.x=
 1 Status   2 Profiles   3 Runs
------------------------------------------------------------------------------------------------------------------------








                  Commands                                                                         esc

                  > type to filter

                  Suggested
                    New profile...          ctrl+x n    catherd profile new <name>
                    Switch profile...       ctrl+x l    catherd profile list
                    Re-check setup        r           catherd doctor
                  App
                    Keyboard shortcuts    ?
                    Quit                  q/ctrl+x q
                  Tabs
                    Go to Status          1/ctrl+x 1
                    Go to Profiles        2/ctrl+x 2
                    Go to Runs            3/ctrl+x 3
                  Profiles
                    New profile...          ctrl+x n    catherd profile new <name>
                    Switch profile...       ctrl+x l    catherd profile list
                  Status
                    Re-check setup        r           catherd doctor
                    Copy the fix command  y






------------------------------------------------------------------------------------------------------------------------
 up/down move  enter choose  esc cancel
"
`;

exports[`frames help 80x24 1`] = `
" catherd 1.0.0  profile default (active)                                  =x.x=
 1 Status   2 Profiles   3 Runs
────────────────────────────────────────────────────────────────────────────────




            Keyboard shortcuts                                   esc

            > type to filter

            App
              Command palette       ctrl+p/:
              Keyboard shortcuts    ?
              Quit                  q/ctrl+x q
            Tabs
              Go to Status          1/ctrl+x 1
              Go to Profiles        2/ctrl+x 2
              Go to Runs            3/ctrl+x 3
              Next tab              ]
            ↓ 18 more

────────────────────────────────────────────────────────────────────────────────
 ↑↓ move  enter choose  esc cancel
"
`;

exports[`frames help 80x24 plain 1`] = `
" catherd 1.0.0  profile default (active)                                  =x.x=
 1 Status   2 Profiles   3 Runs
--------------------------------------------------------------------------------




            Keyboard shortcuts                                   esc

            > type to filter

            App
              Command palette       ctrl+p/:
              Keyboard shortcuts    ?
              Quit                  q/ctrl+x q
            Tabs
              Go to Status          1/ctrl+x 1
              Go to Profiles        2/ctrl+x 2
              Go to Runs            3/ctrl+x 3
              Next tab              ]
            v 18 more

--------------------------------------------------------------------------------
 up/down move  enter choose  esc cancel
"
`;

exports[`frames help 100x30 1`] = `
" catherd 1.0.0  profile default (active)                                                      =x.x=
 1 Status   2 Profiles   3 Runs
────────────────────────────────────────────────────────────────────────────────────────────────────





                      Keyboard shortcuts                                   esc

                      > type to filter

                      App
                        Command palette       ctrl+p/:
                        Keyboard shortcuts    ?
                        Quit                  q/ctrl+x q
                      Tabs
                        Go to Status          1/ctrl+x 1
                        Go to Profiles        2/ctrl+x 2
                        Go to Runs            3/ctrl+x 3
                        Next tab              ]
                        Previous tab          [
                      Profiles
                        New profile…          ctrl+x n
                        Switch profile…       ctrl+x l
                      App
                      ↓ 13 more

────────────────────────────────────────────────────────────────────────────────────────────────────
 ↑↓ move  enter choose  esc cancel
"
`;

exports[`frames help 100x30 plain 1`] = `
" catherd 1.0.0  profile default (active)                                                      =x.x=
 1 Status   2 Profiles   3 Runs
----------------------------------------------------------------------------------------------------





                      Keyboard shortcuts                                   esc

                      > type to filter

                      App
                        Command palette       ctrl+p/:
                        Keyboard shortcuts    ?
                        Quit                  q/ctrl+x q
                      Tabs
                        Go to Status          1/ctrl+x 1
                        Go to Profiles        2/ctrl+x 2
                        Go to Runs            3/ctrl+x 3
                        Next tab              ]
                        Previous tab          [
                      Profiles
                        New profile...          ctrl+x n
                        Switch profile...       ctrl+x l
                      App
                      v 13 more

----------------------------------------------------------------------------------------------------
 up/down move  enter choose  esc cancel
"
`;

exports[`frames help 120x40 1`] = `
" catherd 1.0.0  profile default (active)                                                                          =x.x=
 1 Status   2 Profiles   3 Runs
────────────────────────────────────────────────────────────────────────────────────────────────────────────────────────








                                Keyboard shortcuts                                   esc

                                > type to filter

                                App
                                  Command palette       ctrl+p/:
                                  Keyboard shortcuts    ?
                                  Quit                  q/ctrl+x q
                                Tabs
                                  Go to Status          1/ctrl+x 1
                                  Go to Profiles        2/ctrl+x 2
                                  Go to Runs            3/ctrl+x 3
                                  Next tab              ]
                                  Previous tab          [
                                Profiles
                                  New profile…          ctrl+x n
                                  Switch profile…       ctrl+x l
                                App
                                  Cancel, or quit       ctrl+c
                                  Back                  esc
                                Status
                                  Open                  enter
                                  Re-check setup        r
                                  Copy the fix command  y
                                Lists
                                ↓ 6 more

────────────────────────────────────────────────────────────────────────────────────────────────────────────────────────
 ↑↓ move  enter choose  esc cancel
"
`;

exports[`frames help 120x40 plain 1`] = `
" catherd 1.0.0  profile default (active)                                                                          =x.x=
 1 Status   2 Profiles   3 Runs
------------------------------------------------------------------------------------------------------------------------








                                Keyboard shortcuts                                   esc

                                > type to filter

                                App
                                  Command palette       ctrl+p/:
                                  Keyboard shortcuts    ?
                                  Quit                  q/ctrl+x q
                                Tabs
                                  Go to Status          1/ctrl+x 1
                                  Go to Profiles        2/ctrl+x 2
                                  Go to Runs            3/ctrl+x 3
                                  Next tab              ]
                                  Previous tab          [
                                Profiles
                                  New profile...          ctrl+x n
                                  Switch profile...       ctrl+x l
                                App
                                  Cancel, or quit       ctrl+c
                                  Back                  esc
                                Status
                                  Open                  enter
                                  Re-check setup        r
                                  Copy the fix command  y
                                Lists
                                v 6 more

------------------------------------------------------------------------------------------------------------------------
 up/down move  enter choose  esc cancel
"
`;

exports[`frames runs-empty 80x24 1`] = `
" catherd 1.0.0  profile default (active)                                  =x.x=
 1 Status   2 Profiles   3 Runs
────────────────────────────────────────────────────────────────────────────────


    /\\_/\\  .
   (=-.-=)/
    (")(")
   No runs yet. Start one in Claude Code: /catherd <what to build>













────────────────────────────────────────────────────────────────────────────────
 enter open  r refresh  p pause  ctrl+p commands  ? help
"
`;

exports[`frames runs-empty 80x24 plain 1`] = `
" catherd 1.0.0  profile default (active)                                  =x.x=
 1 Status   2 Profiles   3 Runs
--------------------------------------------------------------------------------


    /\\_/\\  .
   (=-.-=)/
    (")(")
   No runs yet. Start one in Claude Code: /catherd <what to build>













--------------------------------------------------------------------------------
 enter open  r refresh  p pause  ctrl+p commands  ? help
"
`;

exports[`frames runs-empty 100x30 1`] = `
" catherd 1.0.0  profile default (active)                                                      =x.x=
 1 Status   2 Profiles   3 Runs
────────────────────────────────────────────────────────────────────────────────────────────────────


    /\\_/\\  .
   (=-.-=)/
    (")(")
   No runs yet. Start one in Claude Code: /catherd <what to build>



















────────────────────────────────────────────────────────────────────────────────────────────────────
 enter open  r refresh  p pause  ctrl+p commands  ? help
"
`;

exports[`frames runs-empty 100x30 plain 1`] = `
" catherd 1.0.0  profile default (active)                                                      =x.x=
 1 Status   2 Profiles   3 Runs
----------------------------------------------------------------------------------------------------


    /\\_/\\  .
   (=-.-=)/
    (")(")
   No runs yet. Start one in Claude Code: /catherd <what to build>



















----------------------------------------------------------------------------------------------------
 enter open  r refresh  p pause  ctrl+p commands  ? help
"
`;

exports[`frames runs-empty 120x40 1`] = `
" catherd 1.0.0  profile default (active)                                                                          =x.x=
 1 Status   2 Profiles   3 Runs
────────────────────────────────────────────────────────────────────────────────────────────────────────────────────────


    /\\_/\\  .
   (=-.-=)/
    (")(")
   No runs yet. Start one in Claude Code: /catherd <what to build>





























────────────────────────────────────────────────────────────────────────────────────────────────────────────────────────
 enter open  r refresh  p pause  ctrl+p commands  ? help
"
`;

exports[`frames runs-empty 120x40 plain 1`] = `
" catherd 1.0.0  profile default (active)                                                                          =x.x=
 1 Status   2 Profiles   3 Runs
------------------------------------------------------------------------------------------------------------------------


    /\\_/\\  .
   (=-.-=)/
    (")(")
   No runs yet. Start one in Claude Code: /catherd <what to build>





























------------------------------------------------------------------------------------------------------------------------
 enter open  r refresh  p pause  ctrl+p commands  ? help
"
`;

exports[`frames runs 80x24 1`] = `
" catherd 1.0.0  profile default (active)                                  =x.x=
 1 Status   2 Profiles   3 Runs
────────────────────────────────────────────────────────────────────────────────
 SESSIONS  updated just now
 ● live  jobs screen  1 run · 3 live roles · 1 landed  20s ago
 · idle  kit follow-up  1 run · 0 live roles · 3 landed  1d ago
 · idle  auth build  2 runs · 0 live roles · 5 landed  1d ago















────────────────────────────────────────────────────────────────────────────────
 enter open  r refresh  p pause  ctrl+p commands  ? help
"
`;

exports[`frames runs 80x24 plain 1`] = `
" catherd 1.0.0  profile default (active)                                  =x.x=
 1 Status   2 Profiles   3 Runs
--------------------------------------------------------------------------------
 SESSIONS  updated just now
 * live  jobs screen  1 run - 3 live roles - 1 landed  20s ago
 - idle  kit follow-up  1 run - 0 live roles - 3 landed  1d ago
 - idle  auth build  2 runs - 0 live roles - 5 landed  1d ago















--------------------------------------------------------------------------------
 enter open  r refresh  p pause  ctrl+p commands  ? help
"
`;

exports[`frames runs 100x30 1`] = `
" catherd 1.0.0  profile default (active)                                                      =x.x=
 1 Status   2 Profiles   3 Runs
────────────────────────────────────────────────────────────────────────────────────────────────────
 SESSIONS  updated just now
 ● live  jobs screen  1 run · 3 live roles · 1 landed  20s ago
 · idle  kit follow-up  1 run · 0 live roles · 3 landed  1d ago
 · idle  auth build  2 runs · 0 live roles · 5 landed  1d ago





















────────────────────────────────────────────────────────────────────────────────────────────────────
 enter open  r refresh  p pause  ctrl+p commands  ? help
"
`;

exports[`frames runs 100x30 plain 1`] = `
" catherd 1.0.0  profile default (active)                                                      =x.x=
 1 Status   2 Profiles   3 Runs
----------------------------------------------------------------------------------------------------
 SESSIONS  updated just now
 * live  jobs screen  1 run - 3 live roles - 1 landed  20s ago
 - idle  kit follow-up  1 run - 0 live roles - 3 landed  1d ago
 - idle  auth build  2 runs - 0 live roles - 5 landed  1d ago





















----------------------------------------------------------------------------------------------------
 enter open  r refresh  p pause  ctrl+p commands  ? help
"
`;

exports[`frames runs 120x40 1`] = `
" catherd 1.0.0  profile default (active)                                                                          =x.x=
 1 Status   2 Profiles   3 Runs
────────────────────────────────────────────────────────────────────────────────────────────────────────────────────────
 SESSIONS  updated just now
 ● live  jobs screen  1 run · 3 live roles · 1 landed  20s ago
 · idle  kit follow-up  1 run · 0 live roles · 3 landed  1d ago
 · idle  auth build  2 runs · 0 live roles · 5 landed  1d ago































────────────────────────────────────────────────────────────────────────────────────────────────────────────────────────
 enter open  r refresh  p pause  ctrl+p commands  ? help
"
`;

exports[`frames runs 120x40 plain 1`] = `
" catherd 1.0.0  profile default (active)                                                                          =x.x=
 1 Status   2 Profiles   3 Runs
------------------------------------------------------------------------------------------------------------------------
 SESSIONS  updated just now
 * live  jobs screen  1 run - 3 live roles - 1 landed  20s ago
 - idle  kit follow-up  1 run - 0 live roles - 3 landed  1d ago
 - idle  auth build  2 runs - 0 live roles - 5 landed  1d ago































------------------------------------------------------------------------------------------------------------------------
 enter open  r refresh  p pause  ctrl+p commands  ? help
"
`;

exports[`frames session 80x24 1`] = `
" catherd 1.0.0  profile default (active)                                  =x.x=
 1 Status   2 Profiles   3 Runs
────────────────────────────────────────────────────────────────────────────────
 auth build  · idle · 2 runs · 0 live roles · updated just now
 ▸ Auth refactor  /home/me/api · started 1d ago · continued in kit follow-up
   ✓ M1 tokens  ✓ M2 sessions  ✓ M3 cleanup
   ✓ reviewer-M3     gpt-6-sol#high     ok       03:08
   ✓ worker-M3.L1    gpt-6-luna#high    ok       06:42
   ✗ worker-M2.L1    gpt-6-sol#medium   limit    01:35
 ▸ Auth plan 4  /home/me/api · started 2d ago
   ✓ M1 schema  ✓ M2 handlers
   ✓ reviewer-M2     gpt-6-sol#high     ok       02:20
   ✓ worker-M2.L1    gpt-6-sol#medium   ok       10:10









────────────────────────────────────────────────────────────────────────────────
 enter open  ctrl+d cancel  r refresh  p pause  ctrl+p commands  ? help
"
`;

exports[`frames session 80x24 plain 1`] = `
" catherd 1.0.0  profile default (active)                                  =x.x=
 1 Status   2 Profiles   3 Runs
--------------------------------------------------------------------------------
 auth build  - idle - 2 runs - 0 live roles - updated just now
 > Auth refactor  /home/me/api - started 1d ago - continued in kit follow-up
   + M1 tokens  + M2 sessions  + M3 cleanup
   + reviewer-M3     gpt-6-sol#high     ok       03:08
   + worker-M3.L1    gpt-6-luna#high    ok       06:42
   x worker-M2.L1    gpt-6-sol#medium   limit    01:35
 > Auth plan 4  /home/me/api - started 2d ago
   + M1 schema  + M2 handlers
   + reviewer-M2     gpt-6-sol#high     ok       02:20
   + worker-M2.L1    gpt-6-sol#medium   ok       10:10









--------------------------------------------------------------------------------
 enter open  ctrl+d cancel  r refresh  p pause  ctrl+p commands  ? help
"
`;

exports[`frames session 100x30 1`] = `
" catherd 1.0.0  profile default (active)                                                      =x.x=
 1 Status   2 Profiles   3 Runs
────────────────────────────────────────────────────────────────────────────────────────────────────
 auth build  · idle · 2 runs · 0 live roles · updated just now
 ▸ Auth refactor  /home/me/api · started 1d ago · continued in kit follow-up
   ✓ M1 tokens  ✓ M2 sessions  ✓ M3 cleanup
   ✓ reviewer-M3     gpt-6-sol#high     ok       03:08
   ✓ worker-M3.L1    gpt-6-luna#high    ok       06:42
   ✗ worker-M2.L1    gpt-6-sol#medium   limit    01:35
 ▸ Auth plan 4  /home/me/api · started 2d ago
   ✓ M1 schema  ✓ M2 handlers
   ✓ reviewer-M2     gpt-6-sol#high     ok       02:20
   ✓ worker-M2.L1    gpt-6-sol#medium   ok       10:10















────────────────────────────────────────────────────────────────────────────────────────────────────
 enter open  ctrl+d cancel  r refresh  p pause  ctrl+p commands  ? help
"
`;

exports[`frames session 100x30 plain 1`] = `
" catherd 1.0.0  profile default (active)                                                      =x.x=
 1 Status   2 Profiles   3 Runs
----------------------------------------------------------------------------------------------------
 auth build  - idle - 2 runs - 0 live roles - updated just now
 > Auth refactor  /home/me/api - started 1d ago - continued in kit follow-up
   + M1 tokens  + M2 sessions  + M3 cleanup
   + reviewer-M3     gpt-6-sol#high     ok       03:08
   + worker-M3.L1    gpt-6-luna#high    ok       06:42
   x worker-M2.L1    gpt-6-sol#medium   limit    01:35
 > Auth plan 4  /home/me/api - started 2d ago
   + M1 schema  + M2 handlers
   + reviewer-M2     gpt-6-sol#high     ok       02:20
   + worker-M2.L1    gpt-6-sol#medium   ok       10:10















----------------------------------------------------------------------------------------------------
 enter open  ctrl+d cancel  r refresh  p pause  ctrl+p commands  ? help
"
`;

exports[`frames session 120x40 1`] = `
" catherd 1.0.0  profile default (active)                                                                          =x.x=
 1 Status   2 Profiles   3 Runs
────────────────────────────────────────────────────────────────────────────────────────────────────────────────────────
 auth build  · idle · 2 runs · 0 live roles · updated just now
 ▸ Auth refactor  /home/me/api · started 1d ago · continued in kit follow-up
   ✓ M1 tokens  ✓ M2 sessions  ✓ M3 cleanup
   ✓ reviewer-M3     gpt-6-sol#high     ok       03:08
   ✓ worker-M3.L1    gpt-6-luna#high    ok       06:42
   ✗ worker-M2.L1    gpt-6-sol#medium   limit    01:35
 ▸ Auth plan 4  /home/me/api · started 2d ago
   ✓ M1 schema  ✓ M2 handlers
   ✓ reviewer-M2     gpt-6-sol#high     ok       02:20
   ✓ worker-M2.L1    gpt-6-sol#medium   ok       10:10

























────────────────────────────────────────────────────────────────────────────────────────────────────────────────────────
 enter open  ctrl+d cancel  r refresh  p pause  ctrl+p commands  ? help
"
`;

exports[`frames session 120x40 plain 1`] = `
" catherd 1.0.0  profile default (active)                                                                          =x.x=
 1 Status   2 Profiles   3 Runs
------------------------------------------------------------------------------------------------------------------------
 auth build  - idle - 2 runs - 0 live roles - updated just now
 > Auth refactor  /home/me/api - started 1d ago - continued in kit follow-up
   + M1 tokens  + M2 sessions  + M3 cleanup
   + reviewer-M3     gpt-6-sol#high     ok       03:08
   + worker-M3.L1    gpt-6-luna#high    ok       06:42
   x worker-M2.L1    gpt-6-sol#medium   limit    01:35
 > Auth plan 4  /home/me/api - started 2d ago
   + M1 schema  + M2 handlers
   + reviewer-M2     gpt-6-sol#high     ok       02:20
   + worker-M2.L1    gpt-6-sol#medium   ok       10:10

























------------------------------------------------------------------------------------------------------------------------
 enter open  ctrl+d cancel  r refresh  p pause  ctrl+p commands  ? help
"
`;

exports[`frames session-live 80x24 1`] = `
" catherd 1.0.0  profile default (active)                                  =x.x=
 1 Status   2 Profiles   3 Runs
────────────────────────────────────────────────────────────────────────────────
 jobs screen  ● live · 1 run · 3 live roles · updated just now
 ▸ Jobs screen  /home/me/app · started 12m ago · budget 52%
   ✓ M0 scaffold the jobs screen  ◌ M1
   ● worker-M1.L2    gpt-6-sol#medium   running  04:12  $ bun test test/jobs --…
   ● worker-M1.L3    gpt-6-luna#high    running  03:00  edit src/jobs/list.tsx
   ◌ reviewer-M1     gpt-6-sol#high     starting 00:04
   ✓ worker-M1.L1    gpt-6-luna#high    ok       05:12












────────────────────────────────────────────────────────────────────────────────
 enter open  ctrl+d cancel  r refresh  p pause  ctrl+p commands  ? help
"
`;

exports[`frames session-live 80x24 plain 1`] = `
" catherd 1.0.0  profile default (active)                                  =x.x=
 1 Status   2 Profiles   3 Runs
--------------------------------------------------------------------------------
 jobs screen  * live - 1 run - 3 live roles - updated just now
 > Jobs screen  /home/me/app - started 12m ago - budget 52%
   + M0 scaffold the jobs screen  . M1
   * worker-M1.L2    gpt-6-sol#medium   running  04:12  $ bun test test/jobs ...
   * worker-M1.L3    gpt-6-luna#high    running  03:00  edit src/jobs/list.tsx
   . reviewer-M1     gpt-6-sol#high     starting 00:04
   + worker-M1.L1    gpt-6-luna#high    ok       05:12












--------------------------------------------------------------------------------
 enter open  ctrl+d cancel  r refresh  p pause  ctrl+p commands  ? help
"
`;

exports[`frames session-live 100x30 1`] = `
" catherd 1.0.0  profile default (active)                                                      =x.x=
 1 Status   2 Profiles   3 Runs
────────────────────────────────────────────────────────────────────────────────────────────────────
 jobs screen  ● live · 1 run · 3 live roles · updated just now
 ▸ Jobs screen  /home/me/app · started 12m ago · budget 52%
   ✓ M0 scaffold the jobs screen  ◌ M1
   ● worker-M1.L2    gpt-6-sol#medium   running  04:12  $ bun test test/jobs --bail
   ● worker-M1.L3    gpt-6-luna#high    running  03:00  edit src/jobs/list.tsx
   ◌ reviewer-M1     gpt-6-sol#high     starting 00:04
   ✓ worker-M1.L1    gpt-6-luna#high    ok       05:12


















────────────────────────────────────────────────────────────────────────────────────────────────────
 enter open  ctrl+d cancel  r refresh  p pause  ctrl+p commands  ? help
"
`;

exports[`frames session-live 100x30 plain 1`] = `
" catherd 1.0.0  profile default (active)                                                      =x.x=
 1 Status   2 Profiles   3 Runs
----------------------------------------------------------------------------------------------------
 jobs screen  * live - 1 run - 3 live roles - updated just now
 > Jobs screen  /home/me/app - started 12m ago - budget 52%
   + M0 scaffold the jobs screen  . M1
   * worker-M1.L2    gpt-6-sol#medium   running  04:12  $ bun test test/jobs --bail
   * worker-M1.L3    gpt-6-luna#high    running  03:00  edit src/jobs/list.tsx
   . reviewer-M1     gpt-6-sol#high     starting 00:04
   + worker-M1.L1    gpt-6-luna#high    ok       05:12


















----------------------------------------------------------------------------------------------------
 enter open  ctrl+d cancel  r refresh  p pause  ctrl+p commands  ? help
"
`;

exports[`frames session-live 120x40 1`] = `
" catherd 1.0.0  profile default (active)                                                                          =x.x=
 1 Status   2 Profiles   3 Runs
────────────────────────────────────────────────────────────────────────────────────────────────────────────────────────
 jobs screen  ● live · 1 run · 3 live roles · updated just now
 ▸ Jobs screen  /home/me/app · started 12m ago · budget 52%
   ✓ M0 scaffold the jobs screen  ◌ M1
   ● worker-M1.L2    gpt-6-sol#medium   running  04:12  $ bun test test/jobs --bail
   ● worker-M1.L3    gpt-6-luna#high    running  03:00  edit src/jobs/list.tsx
   ◌ reviewer-M1     gpt-6-sol#high     starting 00:04
   ✓ worker-M1.L1    gpt-6-luna#high    ok       05:12




























────────────────────────────────────────────────────────────────────────────────────────────────────────────────────────
 enter open  ctrl+d cancel  r refresh  p pause  ctrl+p commands  ? help
"
`;

exports[`frames session-live 120x40 plain 1`] = `
" catherd 1.0.0  profile default (active)                                                                          =x.x=
 1 Status   2 Profiles   3 Runs
------------------------------------------------------------------------------------------------------------------------
 jobs screen  * live - 1 run - 3 live roles - updated just now
 > Jobs screen  /home/me/app - started 12m ago - budget 52%
   + M0 scaffold the jobs screen  . M1
   * worker-M1.L2    gpt-6-sol#medium   running  04:12  $ bun test test/jobs --bail
   * worker-M1.L3    gpt-6-luna#high    running  03:00  edit src/jobs/list.tsx
   . reviewer-M1     gpt-6-sol#high     starting 00:04
   + worker-M1.L1    gpt-6-luna#high    ok       05:12




























------------------------------------------------------------------------------------------------------------------------
 enter open  ctrl+d cancel  r refresh  p pause  ctrl+p commands  ? help
"
`;

exports[`frames role 80x24 1`] = `
" catherd 1.0.0  profile default (active)                                  =x.x=
 1 Status   2 Profiles   3 Runs
────────────────────────────────────────────────────────────────────────────────
 worker-M1.L1 worker · gpt-6-luna#high · ok · Jobs screen
 BRIEF
   Read /home/me/.local/share/catherd/runs/jobs-screen/lanes/M1.L1.md
   Fast check: bun test test/jobs/list
 REPLY
   Done: the list renders every job with its state.
   src/jobs/list.tsx:12 — the list
   src/jobs/list.test.tsx:4 — its test
   STATUS: complete — list in place, fast check green
 RECORD
   ok · STATUS complete — list in place, fast check green
   05:12 · 812k in (640k cached) · 41k out
   changed src/jobs/list.tsx, src/jobs/list.test.tsx
   thread 01a0d0d4-d0a6-71a1-983c-82a9169200b4





────────────────────────────────────────────────────────────────────────────────
 r refresh  p pause  ctrl+p commands  ? help
"
`;

exports[`frames role 80x24 plain 1`] = `
" catherd 1.0.0  profile default (active)                                  =x.x=
 1 Status   2 Profiles   3 Runs
--------------------------------------------------------------------------------
 worker-M1.L1 worker - gpt-6-luna#high - ok - Jobs screen
 BRIEF
   Read /home/me/.local/share/catherd/runs/jobs-screen/lanes/M1.L1.md
   Fast check: bun test test/jobs/list
 REPLY
   Done: the list renders every job with its state.
   src/jobs/list.tsx:12 - the list
   src/jobs/list.test.tsx:4 - its test
   STATUS: complete - list in place, fast check green
 RECORD
   ok - STATUS complete - list in place, fast check green
   05:12 - 812k in (640k cached) - 41k out
   changed src/jobs/list.tsx, src/jobs/list.test.tsx
   thread 01a0d0d4-d0a6-71a1-983c-82a9169200b4





--------------------------------------------------------------------------------
 r refresh  p pause  ctrl+p commands  ? help
"
`;

exports[`frames role 100x30 1`] = `
" catherd 1.0.0  profile default (active)                                                      =x.x=
 1 Status   2 Profiles   3 Runs
────────────────────────────────────────────────────────────────────────────────────────────────────
 worker-M1.L1 worker · gpt-6-luna#high · ok · Jobs screen
 BRIEF
   Read /home/me/.local/share/catherd/runs/jobs-screen/lanes/M1.L1.md
   Fast check: bun test test/jobs/list
 REPLY
   Done: the list renders every job with its state.
   src/jobs/list.tsx:12 — the list
   src/jobs/list.test.tsx:4 — its test
   STATUS: complete — list in place, fast check green
 RECORD
   ok · STATUS complete — list in place, fast check green
   05:12 · 812k in (640k cached) · 41k out
   changed src/jobs/list.tsx, src/jobs/list.test.tsx
   thread 01a0d0d4-d0a6-71a1-983c-82a9169200b4











────────────────────────────────────────────────────────────────────────────────────────────────────
 r refresh  p pause  ctrl+p commands  ? help
"
`;

exports[`frames role 100x30 plain 1`] = `
" catherd 1.0.0  profile default (active)                                                      =x.x=
 1 Status   2 Profiles   3 Runs
----------------------------------------------------------------------------------------------------
 worker-M1.L1 worker - gpt-6-luna#high - ok - Jobs screen
 BRIEF
   Read /home/me/.local/share/catherd/runs/jobs-screen/lanes/M1.L1.md
   Fast check: bun test test/jobs/list
 REPLY
   Done: the list renders every job with its state.
   src/jobs/list.tsx:12 - the list
   src/jobs/list.test.tsx:4 - its test
   STATUS: complete - list in place, fast check green
 RECORD
   ok - STATUS complete - list in place, fast check green
   05:12 - 812k in (640k cached) - 41k out
   changed src/jobs/list.tsx, src/jobs/list.test.tsx
   thread 01a0d0d4-d0a6-71a1-983c-82a9169200b4











----------------------------------------------------------------------------------------------------
 r refresh  p pause  ctrl+p commands  ? help
"
`;

exports[`frames role 120x40 1`] = `
" catherd 1.0.0  profile default (active)                                                                          =x.x=
 1 Status   2 Profiles   3 Runs
────────────────────────────────────────────────────────────────────────────────────────────────────────────────────────
 worker-M1.L1 worker · gpt-6-luna#high · ok · Jobs screen
 BRIEF
   Read /home/me/.local/share/catherd/runs/jobs-screen/lanes/M1.L1.md
   Fast check: bun test test/jobs/list
 REPLY
   Done: the list renders every job with its state.
   src/jobs/list.tsx:12 — the list
   src/jobs/list.test.tsx:4 — its test
   STATUS: complete — list in place, fast check green
 RECORD
   ok · STATUS complete — list in place, fast check green
   05:12 · 812k in (640k cached) · 41k out
   changed src/jobs/list.tsx, src/jobs/list.test.tsx
   thread 01a0d0d4-d0a6-71a1-983c-82a9169200b4





















────────────────────────────────────────────────────────────────────────────────────────────────────────────────────────
 r refresh  p pause  ctrl+p commands  ? help
"
`;

exports[`frames role 120x40 plain 1`] = `
" catherd 1.0.0  profile default (active)                                                                          =x.x=
 1 Status   2 Profiles   3 Runs
------------------------------------------------------------------------------------------------------------------------
 worker-M1.L1 worker - gpt-6-luna#high - ok - Jobs screen
 BRIEF
   Read /home/me/.local/share/catherd/runs/jobs-screen/lanes/M1.L1.md
   Fast check: bun test test/jobs/list
 REPLY
   Done: the list renders every job with its state.
   src/jobs/list.tsx:12 - the list
   src/jobs/list.test.tsx:4 - its test
   STATUS: complete - list in place, fast check green
 RECORD
   ok - STATUS complete - list in place, fast check green
   05:12 - 812k in (640k cached) - 41k out
   changed src/jobs/list.tsx, src/jobs/list.test.tsx
   thread 01a0d0d4-d0a6-71a1-983c-82a9169200b4





















------------------------------------------------------------------------------------------------------------------------
 r refresh  p pause  ctrl+p commands  ? help
"
`;
